
> shahrul-portfolio@0.1.0 build
> next build

   ▲ Next.js 15.5.25

   Creating an optimized production build ...
 ✓ Compiled successfully in 9.9s
   Linting and checking validity of types ...
   Collecting page data ...
npm : 
At line:1 char:402
+ ... -max-old-space-size=4096"; npm run build *> build-output2.log; Get-Co ...
+                                ~~~~~~~~~~~~~~~~~~~~~~~~~~~~~~~~~~
    + CategoryInfo          : NotSpecified: (:String) [], RemoteException
    + FullyQualifiedErrorId : NativeCommandError
 
> Build error occurred
[Error: Cannot find module 'C:\Users\User\Documents\GitHub\shahrul-portfolio\.next\server\middleware-manifest.json'
Require stack:
- C:\Users\User\Documents\GitHub\shahrul-portfolio\node_modules\next\dist\build\index.js
- C:\Users\User\Documents\GitHub\shahrul-portfolio\node_modules\next\dist\cli\next-build.js] {
  code: 'MODULE_NOT_FOUND',
  requireStack: [Array]
}
